// Jest Snapshot v1, https://goo.gl/fbAQLP

exports[`Icon inner html setup component should render svg icon with href 1`] = `
<my-icon-inner
  au-target-id="2"
  class="au-target"
  name="angle-up"
>
  
  
  <svg
    au-target-id="1"
    class="au-target"
    innerhtml.bind="use"
  />
  

</my-icon-inner>
`;
